
> teacher-workspace@0.1.0 build
> next build

Attention: Next.js now collects completely anonymous telemetry regarding usage.
This information is used to shape Next.js' roadmap and prioritize features.
You can learn more, including how to opt-out if you'd not like to participate in this anonymous program, by visiting the following URL:
https://nextjs.org/telemetry

▲ Next.js 16.2.12 (Turbopack)
- Environments: .env.local, .env.production

  Creating an optimized production build ...
✓ Compiled successfully in 18.6s
  Running TypeScript ...
Failed to type check.

./src/components/BottomNav.tsx:30:51
Type error: Argument of type 'string | null' is not assignable to parameter of type 'string'.
  Type 'null' is not assignable to type 'string'.

  [90m28 |[0m   [36masync[0m [36mfunction[0m loadPendingCount() {
  [90m29 |[0m     [36mtry[0m {
[31m[1m>[0m [90m30 |[0m       [36mconst[0m summary = [36mawait[0m fetchDashboardSummary(workspaceId);
  [90m   |[0m                                                   [31m[1m^[0m
  [90m31 |[0m       setPendingCount(summary.pendingClasses?.length || [35m0[0m);
  [90m32 |[0m     } [36mcatch[0m (err) {
  [90m33 |[0m       console.error([32m"Gagal memuat notifikasi:"[0m, err);
Next.js build worker exited with code: 1 and signal: null
